== token verify ==
{
  "success": true,
  "result": {
    "id": "765a8aedef271cd591429fb4a1c2db7e",
    "status": "active"
  }
}
== rulesets phases ==
{
  "success": false,
  "count": 0,
  "phases": []
}
== http_request_cache_settings (cache rules) ==
{
  "success": false,
  "errors": [
    {
      "code": 10000,
      "message": "Authentication error"
    }
  ],
  "messages": [],
  "result": null
}
== http_cache_settings (edge ttl) ==
{
  "success": false,
  "errors": [
    {
      "code": 10000,
      "message": "Authentication error"
    }
  ],
  "messages": [],
  "result": null
}
== settings cache_level ==
{
  "result": {
    "id": "cache_level",
    "value": "aggressive",
    "editable": true
  },
  "success": true,
  "errors": [],
  "messages": [],
  "result_info": {}
}
== FIX: purge everything (zone cache purge) ==
{
  "success": true,
  "errors": [],
  "messages": [],
  "result": {
    "id": "4a6adf44067bd05a752eae9d3b6cbb80"
  }
}
== settings browser_cache_ttl ==
300
== settings always_online ==
"off"
== settings sort_query_string_for_cache ==
"off"
== settings development_mode ==
"off"
== page rules ==
{
  "success": false,
  "errors": [
    {
      "code": 9109,
      "message": "Unauthorized to access requested resource"
    }
  ],
  "messages": [],
  "result": null
}
